Copyright 1986-2022 Xilinx, Inc. All Rights Reserved. Copyright 2022-2023 Advanced Micro Devices, Inc. All Rights Reserved.
---------------------------------------------------------------------------------------------------------------------------------------------
| Tool Version : Vivado v.2023.1 (win64) Build 3865809 Sun May  7 15:05:29 MDT 2023
| Date         : Wed Dec  4 18:02:53 2024
| Host         : Y9000PofFAGE running 64-bit major release  (build 9200)
| Command      : report_control_sets -verbose -file TOP_control_sets_placed.rpt
| Design       : TOP
| Device       : xc7a100t
---------------------------------------------------------------------------------------------------------------------------------------------

Control Set Information

Table of Contents
-----------------
1. Summary
2. Histogram
3. Flip-Flop Distribution
4. Detailed Control Set Information

1. Summary
----------

+----------------------------------------------------------+-------+
|                          Status                          | Count |
+----------------------------------------------------------+-------+
| Total control sets                                       |     6 |
|    Minimum number of control sets                        |     6 |
|    Addition due to synthesis replication                 |     0 |
|    Addition due to physical synthesis replication        |     0 |
| Unused register locations in slices containing registers |    24 |
+----------------------------------------------------------+-------+
* Control sets can be merged at opt_design using control_set_merge or merge_equivalent_drivers
** Run report_qor_suggestions for automated merging and remapping suggestions


2. Histogram
------------

+--------------------+-------+
|       Fanout       | Count |
+--------------------+-------+
| Total control sets |     6 |
| >= 0 to < 4        |     1 |
| >= 4 to < 6        |     4 |
| >= 6 to < 8        |     0 |
| >= 8 to < 10       |     0 |
| >= 10 to < 12      |     0 |
| >= 12 to < 14      |     0 |
| >= 14 to < 16      |     0 |
| >= 16              |     1 |
+--------------------+-------+
* Control sets can be remapped at either synth_design or opt_design


3. Flip-Flop Distribution
-------------------------

+--------------+-----------------------+------------------------+-----------------+--------------+
| Clock Enable | Synchronous Set/Reset | Asynchronous Set/Reset | Total Registers | Total Slices |
+--------------+-----------------------+------------------------+-----------------+--------------+
| No           | No                    | No                     |               3 |            1 |
| No           | No                    | Yes                    |               0 |            0 |
| No           | Yes                   | No                     |              17 |            5 |
| Yes          | No                    | No                     |              20 |            6 |
| Yes          | No                    | Yes                    |               0 |            0 |
| Yes          | Yes                   | No                     |               0 |            0 |
+--------------+-----------------------+------------------------+-----------------+--------------+


4. Detailed Control Set Information
-----------------------------------

+-------------------+-----------------------------+------------------------+------------------+----------------+--------------+
|    Clock Signal   |        Enable Signal        |    Set/Reset Signal    | Slice Load Count | Bel Load Count | Bels / Slice |
+-------------------+-----------------------------+------------------------+------------------+----------------+--------------+
|  clk_IBUF_BUFG[0] |                             |                        |                1 |              3 |         3.00 |
|  clk_IBUF_BUFG[0] | decoder/E[0]                |                        |                3 |              5 |         1.67 |
|  clk_IBUF_BUFG[0] | decoder/enable[0][0]        |                        |                1 |              5 |         5.00 |
|  clk_IBUF_BUFG[0] | decoder/ctrl[0][0]          |                        |                1 |              5 |         5.00 |
|  clk_IBUF_BUFG[0] | src0/data_out[4]_i_1__0_n_0 |                        |                1 |              5 |         5.00 |
|  clk_IBUF_BUFG[0] |                             | seg/counter[0]_i_1_n_0 |                5 |             17 |         3.40 |
+-------------------+-----------------------------+------------------------+------------------+----------------+--------------+


